2026-09-01 10:00:00 | USR120 | /api/v1/login | 200
2026-09-01 10:00:28 | USR141 | /api/v1/logout | 200
2026-09-01 10:01:12 | USR128 | /api/v1/predict | 200
2026-09-01 10:00:54 | USR127 | /api/v1/login | 200
2026-09-01 10:00:28 | USR150 | /api/v1/user/profile | 200
2026-09-01 10:00:45 | USR111 | /api/v1/user/profile | 200
2026-09-01 10:00:54 | USR103 | /api/v1/predict | 200
2026-09-01 10:03:44 | USR112 | /api/v1/logout | 200
2026-09-01 10:05:12 | USR105 | /api/v1/logout | 200
2026-09-01 10:02:24 | USR115 | /api/v1/login | 200
2026-09-01 10:06:40 | USR113 | /api/v1/predict | 200
2026-09-01 10:05:08 | USR140 | /api/v1/user/profile | 200
2026-09-01 10:05:00 | USR134 | /api/v1/user/profile | 400
2026-09-01 10:04:07 | USR143 | /api/v1/data/upload | 200
2026-09-01 10:10:02 | USR113 | /api/v1/predict | 200
2026-09-01 10:03:45 | USR113 | /api/v1/logout | 200
2026-09-01 10:08:48 | USR147 | /api/v1/logout | 200
2026-09-01 10:10:29 | USR132 | /api/v1/data/upload | 200
2026-09-01 10:03:18 | USR113 | /api/v1/data/upload | 200
2026-09-01 10:10:46 | USR134 | /api/v1/logout | 200
2026-09-01 10:05:40 | USR102 | /api/v1/predict | 400
2026-09-01 10:08:45 | USR143 | /api/v1/data/upload | 200
2026-09-01 10:13:34 | USR105 | /api/v1/data/upload | 200
2026-09-01 10:15:43 | USR130 | /api/v1/logout | 201
2026-09-01 10:11:36 | USR103 | /api/v1/predict | 200
2026-09-01 10:16:40 | USR100 | /api/v1/predict | 200
2026-09-01 10:06:04 | USR118 | /api/v1/logout | 200
2026-09-01 10:07:39 | USR148 | /api/v1/data/upload | 200
2026-09-01 10:03:44 | USR138 | /api/v1/predict | 200
2026-09-01 10:14:59 | USR138 | /api/v1/data/upload | 200
2026-09-01 10:14:30 | USR110 | /api/v1/data/upload | 200
2026-09-01 10:12:24 | USR112 | /api/v1/logout | 200
2026-09-01 10:16:32 | USR106 | /api/v1/predict | 200
2026-09-01 10:10:27 | USR111 | /api/v1/login | 200
2026-09-01 10:16:26 | USR112 | /api/v1/predict | 200
2026-09-01 10:04:40 | USR112 | /api/v1/logout | 200
2026-09-01 10:03:00 | USR127 | /api/v1/predict | 200
2026-09-01 10:24:40 | USR130 | /api/v1/data/upload | 200
2026-09-01 10:24:42 | USR131 | /api/v1/login | 200
2026-09-01 10:11:03 | USR113 | /api/v1/login | 200
2026-09-01 10:03:20 | USR138 | /api/v1/data/upload | 200
2026-09-01 10:25:58 | USR140 | /api/v1/user/profile | 200
2026-09-01 10:24:30 | USR132 | /api/v1/predict | 200
2026-09-01 10:05:44 | USR104 | /api/v1/login | 200
2026-09-01 10:05:52 | USR106 | /api/v1/logout | 200
2026-09-01 10:18:00 | USR132 | /api/v1/login | 200
2026-09-01 10:15:20 | USR143 | /api/v1/predict | 200
2026-09-01 10:07:50 | USR139 | /api/v1/user/profile | 200
2026-09-01 10:19:12 | USR122 | /api/v1/user/profile | 200
2026-09-01 10:04:05 | USR101 | /api/v1/login | 200
2026-09-01 10:05:50 | USR136 | /api/v1/predict | 200
2026-09-01 10:38:15 | USR103 | /api/v1/data/upload | 400
2026-09-01 10:19:04 | USR129 | /api/v1/logout | 200
2026-09-01 10:08:50 | USR104 | /api/v1/logout | 200
2026-09-01 10:35:06 | USR120 | /api/v1/data/upload | 200
2026-09-01 10:38:30 | USR139 | /api/v1/login | 200
2026-09-01 10:36:24 | USR118 | /api/v1/logout | 200
2026-09-01 10:34:12 | USR105 | /api/v1/predict | 200
2026-09-01 10:06:46 | USR149 | /api/v1/login | 200
2026-09-01 10:09:50 | USR119 | /api/v1/data/upload | 200
2026-09-01 10:30:00 | USR119 | /api/v1/logout | 200
2026-09-01 10:39:39 | USR130 | /api/v1/user/profile | 200
2026-09-01 10:33:04 | USR145 | /api/v1/data/upload | 200
2026-09-01 10:09:27 | USR130 | /api/v1/logout | 200
2026-09-01 10:17:04 | USR115 | /api/v1/predict | 200
2026-09-01 10:20:35 | USR145 | /api/v1/user/profile | 200
2026-09-01 10:44:00 | USR132 | /api/v1/logout | 200
2026-09-01 10:32:23 | USR107 | /api/v1/data/upload | 200
2026-09-01 10:38:32 | USR103 | /api/v1/logout | 200
2026-09-01 10:33:21 | USR114 | /api/v1/user/profile | 200
2026-09-01 10:22:10 | USR123 | /api/v1/user/profile | 200
2026-09-01 10:46:09 | USR132 | /api/v1/predict | 200
2026-09-01 10:38:24 | USR145 | /api/v1/login | 200
2026-09-01 10:54:45 | USR143 | /api/v1/data/upload | 200
2026-09-01 10:39:28 | USR138 | /api/v1/data/upload | 200
2026-09-01 10:42:30 | USR114 | /api/v1/logout | 200
2026-09-01 10:50:40 | USR145 | /api/v1/logout | 200
2026-09-01 10:14:07 | USR132 | /api/v1/login | 200
2026-09-01 10:33:48 | USR125 | /api/v1/logout | 200
2026-09-01 10:42:08 | USR125 | /api/v1/logout | 200
2026-09-01 10:52:00 | USR105 | /api/v1/data/upload | 200
2026-09-01 10:59:24 | USR114 | /api/v1/predict | 404
2026-09-01 10:57:24 | USR104 | /api/v1/logout | 200
2026-09-01 10:49:48 | USR101 | /api/v1/predict | 200
2026-09-01 10:53:12 | USR144 | /api/v1/user/profile | 500
2026-09-01 10:59:30 | USR105 | /api/v1/logout | 200
2026-09-01 10:12:54 | USR110 | /api/v1/data/upload | 200
2026-09-01 10:30:27 | USR144 | /api/v1/logout | 400
2026-09-01 10:07:20 | USR133 | /api/v1/logout | 200
2026-09-01 10:50:26 | USR141 | /api/v1/login | 404
2026-09-01 10:42:00 | USR104 | /api/v1/predict | 200
2026-09-01 10:07:35 | USR131 | /api/v1/predict | 200
2026-09-01 10:41:24 | USR126 | /api/v1/login | 200
2026-09-01 10:17:03 | USR107 | /api/v1/predict | 200
2026-09-01 10:36:02 | USR128 | /api/v1/predict | 200
2026-09-01 10:09:30 | USR112 | /api/v1/logout | 200
2026-09-01 10:40:00 | USR135 | /api/v1/predict | 200
2026-09-01 11:09:31 | USR112 | /api/v1/login | 200
2026-09-01 11:05:20 | USR119 | /api/v1/login | 201
2026-09-01 10:09:54 | USR109 | /api/v1/login | 200
